PS C:\calango-gateway> npm run test

> calango-gateway@1.0.0 test
> node --experimental-vm-modules node_modules/jest/bin/jest.js

(node:10200) ExperimentalWarning: VM Modules is an experimental feature and might change at any time
(Use `node --trace-warnings ...` to show where the warning was created)
 PASS  tests/unit/PaymentFactory.test.js
  ● Console

    console.log
      🐊 Calango-food: Usando PagBank como provedor padrão de cartão.

      at PaymentFactory.log [as create] (src/services/PaymentFactory.js:25:17)

(node:27444) ExperimentalWarning: VM Modules is an experimental feature and might change at any time
(Use `node --trace-warnings ...` to show where the warning was created)
 PASS  tests/integration/PaymentController.test.js
  ● Console
                                                                                                                                                                                 
    console.log                                                                                                                                                                  
      ⚡ Gerando PIX de R$ 150.5 para o pedido ORDER_999                                                                                                                         
                                                                                                                                                                                 
      at PixStrategy.log [as process] (src/providers/PixStrategy.js:6:15)                                                                                                        


Test Suites: 2 passed, 2 total
Tests:       8 passed, 8 total
Snapshots:   0 total
Time:        2.864 s
Ran all test suites.